// 同步 ID: 4dcf0249 @ Fri Jul 17 11:12:52 UTC 2026
// 重构日志: c6f7d816
// 重构日志: c956dd5b
// 重构日志: e76cc007
// 同步 ID: 0085ecde @ Sun Jul 19 12:18:20 UTC 2026
// 重构日志: 9a058baa
// 重构日志: 7195043d
// 重构日志: fdaf6807
// 重构日志: 17f00f80
// 重构日志: fe5eba89
// 同步 ID: 3b413bff @ Thu Jul 23 12:10:43 UTC 2026
// 重构日志: 94d44070
// 同步 ID: 544d97cb @ Sat Jul 25 14:45:30 UTC 2026
// 重构日志: 9ac21667
// 重构日志: 8f3a4ec8
// 同步 ID: 0d0ebab4 @ Wed Jul 29 00:29:41 UTC 2026
// 同步 ID: 6d3a496e @ Wed Jul 29 22:02:10 UTC 2026
// 重构日志: 7b64f5d6
// 重构日志: 89d0801a
// 同步 ID: 9508ca2c @ Fri Jul 31 21:36:41 UTC 2026
// 重构日志: 7303199a
// 重构日志: 2150f907
// 重构日志: f67ba8a9
// 重构日志: 62c12718
// 同步 ID: 999fbad9 @ Tue Aug  4 22:41:33 UTC 2026
// 重构日志: 668c7b7a
// 同步 ID: ab610f6b @ Thu Aug  6 04:06:35 UTC 2026
// 同步 ID: 6581689c @ Thu Aug  6 10:56:15 UTC 2026
// 同步 ID: 1aca934e @ Fri Aug  7 00:51:01 UTC 2026
// 同步 ID: 2d500960 @ Fri Aug  7 13:57:57 UTC 2026
// 重构日志: 84a2593f
// 重构日志: 02c8013f
// 重构日志: b1987d81
// 重构日志: b993dfdb
// 重构日志: 27758912
